>302 10_0 offset:12495
Einit	201	473	+	59.557	0	0	2	302-snap.1
Exon	1192	1396	+	48.766	0	1	0	302-snap.1
Exon	1461	1658	+	44.579	2	1	1	302-snap.1
Eterm	1720	1877	+	43.650	2	0	2	302-snap.1
