>302 11_0 offset:5911
Einit	4335	4436	-	7.110	0	0	2	302-snap.1
Eterm	201	1550	-	422.766	0	0	2	302-snap.1
