>302 12_0 offset:11269
Einit	952	1063	-	21.952	0	1	2	302-snap.1
Exon	567	862	-	44.456	2	0	1	302-snap.1
Eterm	195	530	-	56.054	0	0	1	302-snap.1
