>302 13_0 offset:15325
Esngl	201	560	-	79.675	0	0	2	302-snap.1
