>302 14_0 offset:18830
Einit	583	810	-	64.614	0	0	2	302-snap.1
Exon	287	514	-	66.723	0	0	1	302-snap.1
Eterm	201	224	-	16.294	0	0	0	302-snap.1
