>302 masked
Einit	10246	10347	-	4.882	0	0	0	302-snap.1
Eterm	6112	7461	-	125.688	0	0	0	302-snap.1
Einit	12696	12968	+	-1.262	0	0	2	302-snap.2
Exon	13687	13891	+	2.944	0	1	0	302-snap.2
Exon	13956	14116	+	-3.675	2	0	1	302-snap.2
Eterm	14215	14343	+	18.607	0	0	0	302-snap.2
Esngl	15526	15885	-	9.655	0	0	0	302-snap.3
Einit	19413	19640	-	14.976	0	0	1	302-snap.4
Exon	19117	19344	-	17.085	0	0	0	302-snap.4
Eterm	19031	19054	-	13.342	0	0	2	302-snap.4
