>302 9_0 offset:9082
Exon	168	266	+	25.276	0	0	2	302-snap.1
Exon	330	801	+	106.747	0	1	2	302-snap.1
Exon	861	1085	+	49.508	2	1	1	302-snap.1
Exon	1150	1256	+	24.484	2	0	2	302-snap.1
Exon	1316	1451	+	33.754	0	1	1	302-snap.1
Exon	1511	1687	+	48.212	2	1	0	302-snap.1
Exon	1763	1964	+	48.964	2	2	0	302-snap.1
Eterm	2028	2205	+	22.977	1	0	0	302-snap.1
